// Jest Snapshot v1, https://goo.gl/fbAQLP

exports[`match app snapshot: app 1`] = `
<div>
  <header />
  <main />
  <footer />
</div>
`;
